Request method:	POST
Request URI:	http://petstore-api:8080/api/v3/user
Proxy:			<none>
Request params:	<none>
Query params:	<none>
Form params:	<none>
Path params:	<none>
Headers:		Accept=application/json, application/javascript, text/javascript, text/json
				Content-Type=application/json
Cookies:		<none>
Multiparts:		<none>
Body:
{
    "id": 36994,
    "firstName": "Santiago",
    "lastName": "Mills",
    "email": "omar.denesik@yahoo.com",
    "password": "iao5bkla",
    "phone": "(432) 227-5362",
    "userStatus": 0,
    "username": "omar.denesik"
}
HTTP/1.1 200 OK
Date: Fri, 02 May 2025 00:22:17 GMT
Access-Control-Allow-Origin: *
Access-Control-Allow-Methods: GET, POST, DELETE, PUT
Access-Control-Allow-Headers: Content-Type, api_key, Authorization
Access-Control-Expose-Headers: Content-Disposition
Content-Type: application/json
Content-Length: 175
Server: Jetty(9.4.9.v20180320)

{
    "id": 36994,
    "username": "omar.denesik",
    "firstName": "Santiago",
    "lastName": "Mills",
    "email": "omar.denesik@yahoo.com",
    "password": "iao5bkla",
    "phone": "(432) 227-5362",
    "userStatus": 0
}
Request method:	GET
Request URI:	http://petstore-api:8080/api/v3/user/omar.denesik
Proxy:			<none>
Request params:	<none>
Query params:	<none>
Form params:	<none>
Path params:	username=omar.denesik
Headers:		Accept=application/json, application/javascript, text/javascript, text/json
				Content-Type=application/json
Cookies:		<none>
Multiparts:		<none>
Body:			<none>
HTTP/1.1 200 OK
Date: Fri, 02 May 2025 00:22:17 GMT
Access-Control-Allow-Origin: *
Access-Control-Allow-Methods: GET, POST, DELETE, PUT
Access-Control-Allow-Headers: Content-Type, api_key, Authorization
Access-Control-Expose-Headers: Content-Disposition
Content-Type: application/json
Content-Length: 175
Server: Jetty(9.4.9.v20180320)

{
    "id": 36994,
    "username": "omar.denesik",
    "firstName": "Santiago",
    "lastName": "Mills",
    "email": "omar.denesik@yahoo.com",
    "password": "iao5bkla",
    "phone": "(432) 227-5362",
    "userStatus": 0
}
Request method:	PUT
Request URI:	http://petstore-api:8080/api/v3/user/omar.denesik
Proxy:			<none>
Request params:	<none>
Query params:	<none>
Form params:	<none>
Path params:	username=omar.denesik
Headers:		Accept=application/json, application/javascript, text/javascript, text/json
				Content-Type=application/json
Cookies:		<none>
Multiparts:		<none>
Body:
{
    "id": 58992,
    "firstName": "Tilda",
    "lastName": "Stamm",
    "email": "edgar.prohaska@gmail.com",
    "password": "jym1lux57",
    "phone": "1-434-937-0439",
    "userStatus": 1,
    "username": "omar.denesik"
}
HTTP/1.1 200 OK
Date: Fri, 02 May 2025 00:22:17 GMT
Access-Control-Allow-Origin: *
Access-Control-Allow-Methods: GET, POST, DELETE, PUT
Access-Control-Allow-Headers: Content-Type, api_key, Authorization
Access-Control-Expose-Headers: Content-Disposition
Content-Type: application/json
Content-Length: 175
Server: Jetty(9.4.9.v20180320)

{
    "id": 58992,
    "username": "omar.denesik",
    "firstName": "Tilda",
    "lastName": "Stamm",
    "email": "edgar.prohaska@gmail.com",
    "password": "jym1lux57",
    "phone": "1-434-937-0439",
    "userStatus": 1
}
Request method:	DELETE
Request URI:	http://petstore-api:8080/api/v3/user/omar.denesik
Proxy:			<none>
Request params:	<none>
Query params:	<none>
Form params:	<none>
Path params:	username=omar.denesik
Headers:		Accept=application/json, application/javascript, text/javascript, text/json
				Content-Type=application/json
Cookies:		<none>
Multiparts:		<none>
Body:			<none>
HTTP/1.1 200 OK
Date: Fri, 02 May 2025 00:22:17 GMT
Access-Control-Allow-Origin: *
Access-Control-Allow-Methods: GET, POST, DELETE, PUT
Access-Control-Allow-Headers: Content-Type, api_key, Authorization
Access-Control-Expose-Headers: Content-Disposition
Content-Length: 0
Server: Jetty(9.4.9.v20180320)
Request method:	GET
Request URI:	http://petstore-api:8080/api/v3/user/omar.denesik
Proxy:			<none>
Request params:	<none>
Query params:	<none>
Form params:	<none>
Path params:	username=omar.denesik
Headers:		Accept=application/json, application/javascript, text/javascript, text/json
				Content-Type=application/json
Cookies:		<none>
Multiparts:		<none>
Body:			<none>
HTTP/1.1 404 Not Found
Date: Fri, 02 May 2025 00:22:17 GMT
Access-Control-Allow-Origin: *
Access-Control-Allow-Methods: GET, POST, DELETE, PUT
Access-Control-Allow-Headers: Content-Type, api_key, Authorization
Access-Control-Expose-Headers: Content-Disposition
Content-Type: application/json
Content-Length: 14
Server: Jetty(9.4.9.v20180320)

User not found
